// Jest Snapshot v1, https://goo.gl/fbAQLP

exports[`should render Header correctly 1`] = `
<div
  className="header"
>
  <TopHeader />
  <div
    className="bottom-header"
  >
    <Container
      className="d-flex justify-content-between"
      tag="div"
    >
      <img
        alt="logo"
        src="/images/Logo-white.png"
      />
      <Navbar
        expand="md"
        tag="nav"
      >
        <Nav
          className="mr-auto"
          navbar={true}
          tag="ul"
          vertical={false}
        >
          <NavItem
            tag="li"
          >
            <NavLink
              tag={
                Object {
                  "$$typeof": Symbol(react.forward_ref),
                  "displayName": "NavLink",
                  "propTypes": Object {
                    "activeClassName": [Function],
                    "activeStyle": [Function],
                    "aria-current": [Function],
                    "className": [Function],
                    "exact": [Function],
                    "innerRef": [Function],
                    "isActive": [Function],
                    "location": [Function],
                    "onClick": [Function],
                    "replace": [Function],
                    "strict": [Function],
                    "style": [Function],
                    "target": [Function],
                    "to": [Function],
                  },
                  "render": [Function],
                }
              }
              to="/"
            >
              خانه
            </NavLink>
          </NavItem>
          <NavItem
            tag="li"
          >
            <NavLink
              tag={
                Object {
                  "$$typeof": Symbol(react.forward_ref),
                  "displayName": "NavLink",
                  "propTypes": Object {
                    "activeClassName": [Function],
                    "activeStyle": [Function],
                    "aria-current": [Function],
                    "className": [Function],
                    "exact": [Function],
                    "innerRef": [Function],
                    "isActive": [Function],
                    "location": [Function],
                    "onClick": [Function],
                    "replace": [Function],
                    "strict": [Function],
                    "style": [Function],
                    "target": [Function],
                    "to": [Function],
                  },
                  "render": [Function],
                }
              }
              to="/about"
            >
              درباره ما
            </NavLink>
          </NavItem>
        </Nav>
      </Navbar>
    </Container>
  </div>
</div>
`;
