// Jest Snapshot v1, https://goo.gl/fbAQLP

exports[`should render ProductCard correctly 1`] = `
<Provider
  store={
    Object {
      "clearActions": [Function],
      "dispatch": [MockFunction],
      "getActions": [Function],
      "getState": [Function],
      "replaceReducer": [Function],
      "subscribe": [Function],
    }
  }
>
  <BrowserRouter>
    <Router
      history={
        Object {
          "action": "POP",
          "block": [Function],
          "createHref": [Function],
          "go": [Function],
          "goBack": [Function],
          "goForward": [Function],
          "length": 1,
          "listen": [Function],
          "location": Object {
            "hash": "",
            "pathname": "/",
            "search": "",
            "state": undefined,
          },
          "push": [Function],
          "replace": [Function],
        }
      }
    >
      <ProductCard
        description="فروشگاه اینترنتی گوشی‌شاپ در سال ۱۳۸۴ به عنوان اولین وب‌سایت اطلاع‌رسانی و فروشگاه تخصصی گوشی موبایل آغاز به‌کار کرد و افتخار دارد که با بهره‌مندی از تیم متخصص و متبحر نرم‌افزاری، اولین پلت‌فرم فروشگاهی هوشمند کاملا ایرانی را بنیان نهاده است.         کسب نماد اعتماد دو ستاره از مرکز توسعه تجارت الکترونیک، حضور در هیات موسس و عضویت در هیات مدیره انجمن صنفی کسب‌وکار اینترنتی و موفقیت در استمرار حضور ده‌ساله، مرهون اعتماد کاربران محترم است و گوشی‌شاپ قدردان این اعتماد بوده و به‌عنوان یک فروشگاه اینترنتی رعایت جانب انصاف و صداقت به عنوان اصلی‌ترین پایه این اعتماد را سرلوحه کار خود می‌داند و همواره سعی در گسترش خدمات خود خواهد داشت."
        id={3}
        image="/images/gooshishop.jpg"
        productKey="gooshishop"
        subtitle="فروشگاه اینترنتی گوشی‌شاپ در سال ۱۳۸۴ به عنوان اولین وب‌سایت اطلاع‌رسانی و فروشگاه تخصصی گوشی موبایل آغاز به‌کار کرد."
        title="گوشی شاپ"
      >
        <div
          className="product-card"
        >
          <Card
            className="h-100"
            tag="div"
          >
            <div
              className="h-100 card"
            >
              <CardBody
                tag="div"
              >
                <div
                  className="card-body"
                >
                  <CardTitle
                    tag="div"
                  >
                    <div
                      className="card-title"
                    >
                      گوشی شاپ
                    </div>
                  </CardTitle>
                </div>
              </CardBody>
              <img
                alt="Card cap"
                src="/images/gooshishop.jpg"
                width="100%"
              />
              <CardBody
                tag="div"
              >
                <div
                  className="card-body"
                >
                  <CardText
                    className="text-justify"
                    tag="p"
                  >
                    <p
                      className="text-justify card-text"
                    >
                      فروشگاه اینترنتی گوشی‌شاپ در سال ۱۳۸۴ به عنوان اولین وب‌سایت اطلاع‌رسانی و فروشگاه تخصصی گوشی موبایل آغاز به‌کار کرد.
                    </p>
                  </CardText>
                  <CardLink
                    href="#"
                    onClick={[Function]}
                    tag="a"
                  >
                    <a
                      className="card-link"
                      href="#"
                      onClick={[Function]}
                    >
                       حذف 
                    </a>
                  </CardLink>
                  <CardLink
                    className="mr-5"
                    tag={
                      Object {
                        "$$typeof": Symbol(react.forward_ref),
                        "displayName": "NavLink",
                        "propTypes": Object {
                          "activeClassName": [Function],
                          "activeStyle": [Function],
                          "aria-current": [Function],
                          "className": [Function],
                          "exact": [Function],
                          "innerRef": [Function],
                          "isActive": [Function],
                          "location": [Function],
                          "onClick": [Function],
                          "replace": [Function],
                          "strict": [Function],
                          "style": [Function],
                          "target": [Function],
                          "to": [Function],
                        },
                        "render": [Function],
                      }
                    }
                    to="/گوشی شاپ"
                  >
                    <NavLink
                      className="mr-5 card-link"
                      to="/گوشی شاپ"
                    >
                      <Link
                        aria-current={null}
                        className="mr-5 card-link"
                        to={
                          Object {
                            "hash": "",
                            "pathname": "/گوشی شاپ",
                            "search": "",
                            "state": null,
                          }
                        }
                      >
                        <LinkAnchor
                          aria-current={null}
                          className="mr-5 card-link"
                          href="/گوشی شاپ"
                          navigate={[Function]}
                        >
                          <a
                            aria-current={null}
                            className="mr-5 card-link"
                            href="/گوشی شاپ"
                            onClick={[Function]}
                          >
                             جزییات بیشتر 
                          </a>
                        </LinkAnchor>
                      </Link>
                    </NavLink>
                  </CardLink>
                </div>
              </CardBody>
            </div>
          </Card>
        </div>
      </ProductCard>
    </Router>
  </BrowserRouter>
</Provider>
`;
