// Jest Snapshot v1, https://goo.gl/fbAQLP

exports[`should render TopHeader correctly 1`] = `
<div
  className="top_header"
/>
`;
